---
source: crates/ast_interp/src/lib.rs
assertion_line: 74
expression: ent

---
Ok(
    Str(
        foo,
    ),
)
