---
source: crates/ast_interp/src/lib.rs
assertion_line: 101
expression: res

---
Err(
    "Type mismatch",
)
