---
source: crates/ast_interp/src/lib.rs
assertion_line: 110
expression: ent

---
Ok(
    I32(
        2,
    ),
)
