---
source: crates/ast_interp/src/lib.rs
assertion_line: 130
expression: res

---
Err(
    TypeMismatch {
        expected: I32,
        actual: Str,
    },
)
