---
source: crates/ast_interp/src/lib.rs
assertion_line: 120
expression: ent

---
Ok(
    I32(
        5,
    ),
)
