---
source: crates/bytecode_compiler/src/lib.rs
assertion_line: 84
expression: bytecode

---
[
    StrConst(
        "Hello, world!",
    ),
    PrintStr,
]
