---
source: crates/bytecode_compiler/src/lib.rs
assertion_line: 74
expression: bytecode

---
[
    I32Const(
        3,
    ),
    PrintI32,
]
