---
source: crates/lexer/src/state/str.rs
assertion_line: 73
expression: state

---
ForbiddenChar(
    0:0,
    '\n',
)
