---
source: crates/bytecode_interp/src/lib.rs
assertion_line: 85
expression: "(i32_add(&mut stack), stack)"

---
(
    Err(
        Failed to get right-hand side,
    ),
    [],
)
