---
source: crates/bytecode_interp/src/lib.rs
assertion_line: 113
expression: "(i32_add(&mut stack), stack)"

---
(
    Err(
        TypeMismatch,
    ),
    [],
)
