---
source: crates/vm/src/lib.rs
assertion_line: 156
expression: "(i32_add(&mut stack), stack)"

---
(
    Err(
        TypeMismatch {
            expected: I32,
            actual: Str,
        },
    ),
    [],
)
