---
source: crates/vm/src/lib.rs
assertion_line: 141
expression: "(i32_add(&mut stack), stack)"

---
(
    Ok(
        (),
    ),
    [
        I32(
            7,
        ),
    ],
)
