---
source: crates/vm/src/lib.rs
assertion_line: 147
expression: "(i32_add(&mut stack), stack)"

---
(
    Err(
        StackUnderflow(
            "Failed to get right-hand side of the addition",
        ),
    ),
    [],
)
